// Vitest Snapshot v1, https://vitest.dev/guide/snapshot.html

exports[`App Component > Renders magnificent rhinos 1`] = `
<div>
  <h1>
    Magnificent Rhinos
  </h1>
  <button
    type="button"
  >
    Click Me 
  </button>
</div>
`;
